<?xml version='1.0' encoding='UTF-8'?>
<rss xmlns:atom="http://www.w3.org/2005/Atom" version="2.0">
  <channel>
    <!--Atom feed ID = https://www.opikanoba.org/feeds/test/1-->
    <title>Sample Test Feed</title>
    <atom:link href="https://www.opikanoba.org/feeds/test.rss2" rel="self" type="application/rss+xml"/>
    <link>https://www.opikanoba.org/tests</link>
    <description>Atom Feed</description>
    <copyright>CC BY-SA 3.0 FR</copyright>
    <managingEditor>frederic.laurent@gmail.com (Frederic LAURENT)</managingEditor>
    <pubDate>Fri, 03 Nov 2017 16:55:03 +0000</pubDate>
    <lastBuildDate>Fri, 03 Nov 2017 16:55:03 +0000</lastBuildDate>
    <category>test,feed</category>
    <generator>XSL stylesheet - http://github.com/flrt/xsl_atom2rss2</generator>
    <!--Atom feed generator : https://github.com/flrt-->
    <docs>https://www.opikanoba.org/tests</docs>
    <item>
      <title>Version 99</title>
      <description>&lt;div&gt;
        &lt;article&gt;
          &lt;div&gt;
            &lt;h1&gt;Title&lt;/h1&gt;
            &lt;p&gt;blablabla&lt;/p&gt;
          &lt;/div&gt;
        &lt;/article&gt;
      &lt;/div&gt;</description>
      <guid>urn:feed:test:v99</guid>
      <pubDate>Fri, 03 Nov 2017 16:55:02 +0000</pubDate>
    </item>
  </channel>
</rss>